node:assert:152
  throw new AssertionError(obj);
  ^

AssertionError [ERR_ASSERTION]: hero-only tonic does not transfer through permanent Shared Strength
+ actual - expected

  [
    {
+     hp: 263,
+     maxHp: 263
-     hp: 228,
-     maxHp: 228
    },
    {
+     hp: 248,
+     maxHp: 248
-     hp: 213,
-     maxHp: 213
    },
    {
+     hp: 248,
+     maxHp: 248
-     hp: 213,
-     maxHp: 213
    },
    {
      hp: 0,
+     maxHp: 263
-     maxHp: 228
    }
  ]

    at Object.<anonymous> (/workspace/scratch/9f6f69f47b09/azeroth-chronicles-prototype/tests/beta-campaign.test.cjs:95:12)
    at Module._compile (node:internal/modules/cjs/loader:1872:14)
    at Object..js (node:internal/modules/cjs/loader:2003:10)
    at Module.load (node:internal/modules/cjs/loader:1594:32)
    at Module._load (node:internal/modules/cjs/loader:1396:12)
    at wrapModuleLoad (node:internal/modules/cjs/loader:255:19)
    at Module.executeUserEntryPoint [as runMain] (node:internal/modules/run_main:154:5)
    at node:internal/main/run_main_module:33:47 {
  generatedMessage: false,
  code: 'ERR_ASSERTION',
  actual: [
    { maxHp: 263, hp: 263 },
    { maxHp: 248, hp: 248 },
    { maxHp: 248, hp: 248 },
    { maxHp: 263, hp: 0 }
  ],
  expected: [
    { maxHp: 228, hp: 228 },
    { maxHp: 213, hp: 213 },
    { maxHp: 213, hp: 213 },
    { maxHp: 228, hp: 0 }
  ],
  operator: 'deepStrictEqual',
  diff: 'simple'
}

Node.js v24.19.0
